// Vitest Snapshot v1, https://vitest.dev/guide/snapshot.html

exports[`adviseMeld golden snapshot > produces a stable MeldAdvice shape for the fixture 1`] = `
{
  "alreadyMeetsThreshold": false,
  "bis": {
    "confirmedBySolver": false,
    "deltaStats": {
      "control": 2109,
      "cp": 109,
      "craftsmanship": 2611,
    },
    "feasible": false,
    "reason": "槽位不足,需換底裝",
    "steps": 43,
    "totalGil": null,
  },
  "costOptimal": {
    "confirmedBySolver": true,
    "deltaStats": {
      "control": 54,
      "cp": 0,
      "craftsmanship": 0,
    },
    "feasible": true,
    "steps": 1,
    "totalGil": 1500,
  },
  "gapGil": null,
}
`;
